/opt/st/stm32cubeide_1.15.0/plugins/com.st.stm32cube.ide.mcu.externaltools.gnu-tools-for-stm32.12.3.rel1.linux64_1.0.100.202403111256/tools/arm-none-eabi/include/c++/12.3.1/arm-none-eabi/thumb/v7e-m+fp/hard/bits/gthr-default.h:229:1:int __gthread_key_delete(__gthread_key_t)	16	static
../tensorflow-lite/tensorflow/lite/micro/test_helper_custom_ops.cc:38:25:static const TFLMRegistration* tflite::testing::PackerOp::getRegistration()	8	static
../tensorflow-lite/tensorflow/lite/micro/test_helper_custom_ops.cc:42:19:static TFLMRegistration* tflite::testing::PackerOp::GetMutableRegistration()	4	static
../tensorflow-lite/tensorflow/lite/micro/test_helper_custom_ops.cc:51:7:static void* tflite::testing::PackerOp::Init(TfLiteContext*, const char*, size_t)	24	static
../tensorflow-lite/tensorflow/lite/micro/test_helper_custom_ops.cc:58:6:static void tflite::testing::PackerOp::Free(TfLiteContext*, void*)	16	static
../tensorflow-lite/tensorflow/lite/micro/test_helper_custom_ops.cc:60:14:static TfLiteStatus tflite::testing::PackerOp::Prepare(TfLiteContext*, TfLiteNode*)	16	static
../tensorflow-lite/tensorflow/lite/micro/test_helper_custom_ops.cc:64:14:static TfLiteStatus tflite::testing::PackerOp::Invoke(TfLiteContext*, TfLiteNode*)	88	static
